[debug] [2026-06-20T18:45:16.851Z] ----------------------------------------------------------------------
[debug] [2026-06-20T18:45:16.853Z] Command:       D:\Tools\Node js\node.exe C:\Users\Owner\AppData\Roaming\npm\node_modules\firebase-tools\lib\bin\firebase.js deploy --only hosting
[debug] [2026-06-20T18:45:16.853Z] CLI Version:   15.21.0
[debug] [2026-06-20T18:45:16.853Z] Platform:      win32
[debug] [2026-06-20T18:45:16.853Z] Node Version:  v22.11.0
[debug] [2026-06-20T18:45:16.853Z] Detected Agent: unknown
[debug] [2026-06-20T18:45:16.853Z] Time:          Sat Jun 20 2026 14:45:16 GMT-0400 (Eastern Daylight Time)
[debug] [2026-06-20T18:45:16.853Z] ----------------------------------------------------------------------
[debug] 
[debug] [2026-06-20T18:45:17.713Z] > command requires scopes: ["email","openid","https://www.googleapis.com/auth/cloudplatformprojects.readonly","https://www.googleapis.com/auth/firebase","https://www.googleapis.com/auth/cloud-platform"]
[debug] [2026-06-20T18:45:17.713Z] > authorizing via signed-in user (xuehang.xu@datasyncpro.io)
[debug] [2026-06-20T18:45:17.713Z] [iam] checking project datasyncpro for permissions ["firebase.projects.get","firebasehosting.sites.update"]
[debug] [2026-06-20T18:45:17.713Z] Checked if tokens are valid: true, expires at: 1781984712883
[debug] [2026-06-20T18:45:17.714Z] Checked if tokens are valid: true, expires at: 1781984712883
[debug] [2026-06-20T18:45:17.714Z] >>> [apiv2][query] POST https://cloudresourcemanager.googleapis.com/v1/projects/datasyncpro:testIamPermissions [none]
[debug] [2026-06-20T18:45:17.714Z] >>> [apiv2][(partial)header] POST https://cloudresourcemanager.googleapis.com/v1/projects/datasyncpro:testIamPermissions  x-goog-user-project=datasyncpro
[debug] [2026-06-20T18:45:17.714Z] >>> [apiv2][body] POST https://cloudresourcemanager.googleapis.com/v1/projects/datasyncpro:testIamPermissions {"permissions":["firebase.projects.get","firebasehosting.sites.update"]}
[debug] [2026-06-20T18:45:17.919Z] <<< [apiv2][status] POST https://cloudresourcemanager.googleapis.com/v1/projects/datasyncpro:testIamPermissions 200
[debug] [2026-06-20T18:45:17.919Z] <<< [apiv2][body] POST https://cloudresourcemanager.googleapis.com/v1/projects/datasyncpro:testIamPermissions {"permissions":["firebase.projects.get","firebasehosting.sites.update"]}
[debug] [2026-06-20T18:45:17.919Z] Checked if tokens are valid: true, expires at: 1781984712883
[debug] [2026-06-20T18:45:17.919Z] Checked if tokens are valid: true, expires at: 1781984712883
[debug] [2026-06-20T18:45:17.919Z] >>> [apiv2][query] GET https://firebase.googleapis.com/v1beta1/projects/datasyncpro [none]
[debug] [2026-06-20T18:45:18.303Z] <<< [apiv2][status] GET https://firebase.googleapis.com/v1beta1/projects/datasyncpro 200
[debug] [2026-06-20T18:45:18.303Z] <<< [apiv2][body] GET https://firebase.googleapis.com/v1beta1/projects/datasyncpro {"projectId":"datasyncpro","projectNumber":"981764997664","displayName":"datasyncpro","name":"projects/datasyncpro","resources":{"hostingSite":"datasyncpro"},"state":"ACTIVE","etag":"1_263b27ed-cccf-45cb-a659-1ba163f1a0f5"}
[info] 
[info] === Deploying to 'datasyncpro'...
[info] 
[info] i  deploying hosting 
[info] Running command: npm run build:firebase
